[INFO] Scanning for projects...
[INFO] 
[INFO] ------------------------< com.ncbachhhh:LTUDM >-------------------------
[INFO] Building LTUDM 0.0.1-SNAPSHOT
[INFO]   from pom.xml
[INFO] --------------------------------[ jar ]---------------------------------
[INFO] 
[INFO] --- resources:3.3.1:resources (default-resources) @ LTUDM ---
[INFO] Copying 1 resource from src\main\resources to target\classes
[INFO] Copying 0 resource from src\main\resources to target\classes
[INFO] 
[INFO] --- compiler:3.14.1:compile (default-compile) @ LTUDM ---
[INFO] Recompiling the module because of changed source code.
[INFO] Compiling 71 source files with javac [debug parameters release 21] to target\classes
[INFO] -------------------------------------------------------------
[ERROR] COMPILATION ERROR : 
[INFO] -------------------------------------------------------------
[ERROR] /D:/WebApp/LTUDM/LTUDM-BE/src/main/java/com/ncbachhhh/LTUDM/config/R2Properties.java:[6,8] class, interface, or enum expected
[ERROR] /D:/WebApp/LTUDM/LTUDM-BE/src/main/java/com/ncbachhhh/LTUDM/exception/GlobalExceptionHandler.java:[44,29] illegal start of expression
[ERROR] /D:/WebApp/LTUDM/LTUDM-BE/src/main/java/com/ncbachhhh/LTUDM/exception/GlobalExceptionHandler.java:[44,36] not a statement
[ERROR] /D:/WebApp/LTUDM/LTUDM-BE/src/main/java/com/ncbachhhh/LTUDM/exception/GlobalExceptionHandler.java:[44,57] ';' expected
[ERROR] /D:/WebApp/LTUDM/LTUDM-BE/src/main/java/com/ncbachhhh/LTUDM/exception/GlobalExceptionHandler.java:[45,13] orphaned case
[ERROR] /D:/WebApp/LTUDM/LTUDM-BE/src/main/java/com/ncbachhhh/LTUDM/exception/GlobalExceptionHandler.java:[45,21] : expected
[ERROR] /D:/WebApp/LTUDM/LTUDM-BE/src/main/java/com/ncbachhhh/LTUDM/exception/GlobalExceptionHandler.java:[45,22] illegal start of expression
[ERROR] /D:/WebApp/LTUDM/LTUDM-BE/src/main/java/com/ncbachhhh/LTUDM/exception/GlobalExceptionHandler.java:[45,35] ';' expected
[ERROR] /D:/WebApp/LTUDM/LTUDM-BE/src/main/java/com/ncbachhhh/LTUDM/exception/GlobalExceptionHandler.java:[45,36] not a statement
[ERROR] /D:/WebApp/LTUDM/LTUDM-BE/src/main/java/com/ncbachhhh/LTUDM/exception/GlobalExceptionHandler.java:[46,21] : expected
[ERROR] /D:/WebApp/LTUDM/LTUDM-BE/src/main/java/com/ncbachhhh/LTUDM/exception/GlobalExceptionHandler.java:[46,22] illegal start of expression
[ERROR] /D:/WebApp/LTUDM/LTUDM-BE/src/main/java/com/ncbachhhh/LTUDM/exception/GlobalExceptionHandler.java:[46,35] ';' expected
[ERROR] /D:/WebApp/LTUDM/LTUDM-BE/src/main/java/com/ncbachhhh/LTUDM/exception/GlobalExceptionHandler.java:[46,36] not a statement
[ERROR] /D:/WebApp/LTUDM/LTUDM-BE/src/main/java/com/ncbachhhh/LTUDM/exception/GlobalExceptionHandler.java:[47,21] : expected
[ERROR] /D:/WebApp/LTUDM/LTUDM-BE/src/main/java/com/ncbachhhh/LTUDM/exception/GlobalExceptionHandler.java:[47,22] illegal start of expression
[ERROR] /D:/WebApp/LTUDM/LTUDM-BE/src/main/java/com/ncbachhhh/LTUDM/exception/GlobalExceptionHandler.java:[47,35] ';' expected
[ERROR] /D:/WebApp/LTUDM/LTUDM-BE/src/main/java/com/ncbachhhh/LTUDM/exception/GlobalExceptionHandler.java:[47,36] not a statement
[ERROR] /D:/WebApp/LTUDM/LTUDM-BE/src/main/java/com/ncbachhhh/LTUDM/exception/GlobalExceptionHandler.java:[48,21] : expected
[ERROR] /D:/WebApp/LTUDM/LTUDM-BE/src/main/java/com/ncbachhhh/LTUDM/exception/GlobalExceptionHandler.java:[48,22] illegal start of expression
[ERROR] /D:/WebApp/LTUDM/LTUDM-BE/src/main/java/com/ncbachhhh/LTUDM/exception/GlobalExceptionHandler.java:[48,35] ';' expected
[ERROR] /D:/WebApp/LTUDM/LTUDM-BE/src/main/java/com/ncbachhhh/LTUDM/exception/GlobalExceptionHandler.java:[48,36] not a statement
[ERROR] /D:/WebApp/LTUDM/LTUDM-BE/src/main/java/com/ncbachhhh/LTUDM/exception/GlobalExceptionHandler.java:[49,20] : expected
[ERROR] /D:/WebApp/LTUDM/LTUDM-BE/src/main/java/com/ncbachhhh/LTUDM/exception/GlobalExceptionHandler.java:[49,21] illegal start of expression
[ERROR] /D:/WebApp/LTUDM/LTUDM-BE/src/main/java/com/ncbachhhh/LTUDM/exception/GlobalExceptionHandler.java:[49,34] ';' expected
[ERROR] /D:/WebApp/LTUDM/LTUDM-BE/src/main/java/com/ncbachhhh/LTUDM/exception/GlobalExceptionHandler.java:[49,35] not a statement
[ERROR] /D:/WebApp/LTUDM/LTUDM-BE/src/main/java/com/ncbachhhh/LTUDM/repository/ConversationMemberRepository.java:[29,14] unclosed string literal
[ERROR] /D:/WebApp/LTUDM/LTUDM-BE/src/main/java/com/ncbachhhh/LTUDM/repository/ConversationMemberRepository.java:[30,25] <identifier> expected
[ERROR] /D:/WebApp/LTUDM/LTUDM-BE/src/main/java/com/ncbachhhh/LTUDM/repository/ConversationMemberRepository.java:[30,28] <identifier> expected
[ERROR] /D:/WebApp/LTUDM/LTUDM-BE/src/main/java/com/ncbachhhh/LTUDM/repository/ConversationMemberRepository.java:[30,29] ';' expected
[ERROR] /D:/WebApp/LTUDM/LTUDM-BE/src/main/java/com/ncbachhhh/LTUDM/repository/ConversationMemberRepository.java:[34,15] unclosed string literal
[ERROR] /D:/WebApp/LTUDM/LTUDM-BE/src/main/java/com/ncbachhhh/LTUDM/repository/MessageRepository.java:[21,14] unclosed string literal
[ERROR] /D:/WebApp/LTUDM/LTUDM-BE/src/main/java/com/ncbachhhh/LTUDM/repository/MessageRepository.java:[23,18] = expected
[ERROR] /D:/WebApp/LTUDM/LTUDM-BE/src/main/java/com/ncbachhhh/LTUDM/repository/MessageRepository.java:[24,19] = expected
[ERROR] /D:/WebApp/LTUDM/LTUDM-BE/src/main/java/com/ncbachhhh/LTUDM/repository/MessageRepository.java:[24,20] illegal start of type
[ERROR] /D:/WebApp/LTUDM/LTUDM-BE/src/main/java/com/ncbachhhh/LTUDM/repository/MessageRepository.java:[24,38] illegal start of expression
[ERROR] /D:/WebApp/LTUDM/LTUDM-BE/src/main/java/com/ncbachhhh/LTUDM/repository/MessageRepository.java:[25,19] = expected
[ERROR] /D:/WebApp/LTUDM/LTUDM-BE/src/main/java/com/ncbachhhh/LTUDM/repository/MessageRepository.java:[25,29] <identifier> expected
[ERROR] /D:/WebApp/LTUDM/LTUDM-BE/src/main/java/com/ncbachhhh/LTUDM/repository/MessageRepository.java:[26,25] <identifier> expected
[ERROR] /D:/WebApp/LTUDM/LTUDM-BE/src/main/java/com/ncbachhhh/LTUDM/repository/MessageRepository.java:[26,27] ';' expected
[ERROR] /D:/WebApp/LTUDM/LTUDM-BE/src/main/java/com/ncbachhhh/LTUDM/repository/MessageRepository.java:[28,19] = expected
[ERROR] /D:/WebApp/LTUDM/LTUDM-BE/src/main/java/com/ncbachhhh/LTUDM/repository/MessageRepository.java:[28,40] <identifier> expected
[ERROR] /D:/WebApp/LTUDM/LTUDM-BE/src/main/java/com/ncbachhhh/LTUDM/repository/MessageRepository.java:[28,47] ';' expected
[ERROR] /D:/WebApp/LTUDM/LTUDM-BE/src/main/java/com/ncbachhhh/LTUDM/repository/MessageRepository.java:[29,27] = expected
[ERROR] /D:/WebApp/LTUDM/LTUDM-BE/src/main/java/com/ncbachhhh/LTUDM/repository/MessageRepository.java:[29,37] <identifier> expected
[ERROR] /D:/WebApp/LTUDM/LTUDM-BE/src/main/java/com/ncbachhhh/LTUDM/repository/MessageRepository.java:[29,40] illegal start of expression
[ERROR] /D:/WebApp/LTUDM/LTUDM-BE/src/main/java/com/ncbachhhh/LTUDM/repository/MessageRepository.java:[29,47] <identifier> expected
[ERROR] /D:/WebApp/LTUDM/LTUDM-BE/src/main/java/com/ncbachhhh/LTUDM/repository/MessageRepository.java:[30,15] = expected
[ERROR] /D:/WebApp/LTUDM/LTUDM-BE/src/main/java/com/ncbachhhh/LTUDM/repository/MessageRepository.java:[30,16] ';' expected
[ERROR] /D:/WebApp/LTUDM/LTUDM-BE/src/main/java/com/ncbachhhh/LTUDM/repository/MessageRepository.java:[31,23] = expected
[ERROR] /D:/WebApp/LTUDM/LTUDM-BE/src/main/java/com/ncbachhhh/LTUDM/repository/MessageRepository.java:[32,13] = expected
[ERROR] /D:/WebApp/LTUDM/LTUDM-BE/src/main/java/com/ncbachhhh/LTUDM/repository/MessageRepository.java:[32,15] unclosed string literal
[ERROR] /D:/WebApp/LTUDM/LTUDM-BE/src/main/java/com/ncbachhhh/LTUDM/repository/MessageRepository.java:[33,52] <identifier> expected
[ERROR] /D:/WebApp/LTUDM/LTUDM-BE/src/main/java/com/ncbachhhh/LTUDM/repository/MessageRepository.java:[36,14] unclosed string literal
[ERROR] /D:/WebApp/LTUDM/LTUDM-BE/src/main/java/com/ncbachhhh/LTUDM/repository/MessageRepository.java:[38,18] = expected
[ERROR] /D:/WebApp/LTUDM/LTUDM-BE/src/main/java/com/ncbachhhh/LTUDM/repository/MessageRepository.java:[39,19] = expected
[ERROR] /D:/WebApp/LTUDM/LTUDM-BE/src/main/java/com/ncbachhhh/LTUDM/repository/MessageRepository.java:[39,20] illegal start of type
[ERROR] /D:/WebApp/LTUDM/LTUDM-BE/src/main/java/com/ncbachhhh/LTUDM/repository/MessageRepository.java:[39,38] illegal start of expression
[ERROR] /D:/WebApp/LTUDM/LTUDM-BE/src/main/java/com/ncbachhhh/LTUDM/repository/MessageRepository.java:[40,19] = expected
[ERROR] /D:/WebApp/LTUDM/LTUDM-BE/src/main/java/com/ncbachhhh/LTUDM/repository/MessageRepository.java:[40,29] <identifier> expected
[ERROR] /D:/WebApp/LTUDM/LTUDM-BE/src/main/java/com/ncbachhhh/LTUDM/repository/MessageRepository.java:[41,25] <identifier> expected
[ERROR] /D:/WebApp/LTUDM/LTUDM-BE/src/main/java/com/ncbachhhh/LTUDM/repository/MessageRepository.java:[41,27] ';' expected
[ERROR] /D:/WebApp/LTUDM/LTUDM-BE/src/main/java/com/ncbachhhh/LTUDM/repository/MessageRepository.java:[43,19] = expected
[ERROR] /D:/WebApp/LTUDM/LTUDM-BE/src/main/java/com/ncbachhhh/LTUDM/repository/MessageRepository.java:[43,40] <identifier> expected
[ERROR] /D:/WebApp/LTUDM/LTUDM-BE/src/main/java/com/ncbachhhh/LTUDM/repository/MessageRepository.java:[43,47] ';' expected
[ERROR] /D:/WebApp/LTUDM/LTUDM-BE/src/main/java/com/ncbachhhh/LTUDM/repository/MessageRepository.java:[44,27] = expected
[ERROR] /D:/WebApp/LTUDM/LTUDM-BE/src/main/java/com/ncbachhhh/LTUDM/repository/MessageRepository.java:[44,37] <identifier> expected
[ERROR] /D:/WebApp/LTUDM/LTUDM-BE/src/main/java/com/ncbachhhh/LTUDM/repository/MessageRepository.java:[44,40] illegal start of expression
[ERROR] /D:/WebApp/LTUDM/LTUDM-BE/src/main/java/com/ncbachhhh/LTUDM/repository/MessageRepository.java:[44,47] <identifier> expected
[ERROR] /D:/WebApp/LTUDM/LTUDM-BE/src/main/java/com/ncbachhhh/LTUDM/repository/MessageRepository.java:[45,15] = expected
[ERROR] /D:/WebApp/LTUDM/LTUDM-BE/src/main/java/com/ncbachhhh/LTUDM/repository/MessageRepository.java:[45,16] ';' expected
[ERROR] /D:/WebApp/LTUDM/LTUDM-BE/src/main/java/com/ncbachhhh/LTUDM/repository/MessageRepository.java:[46,23] = expected
[ERROR] /D:/WebApp/LTUDM/LTUDM-BE/src/main/java/com/ncbachhhh/LTUDM/repository/MessageRepository.java:[47,13] = expected
[ERROR] /D:/WebApp/LTUDM/LTUDM-BE/src/main/java/com/ncbachhhh/LTUDM/repository/MessageRepository.java:[47,15] unclosed string literal
[ERROR] /D:/WebApp/LTUDM/LTUDM-BE/src/main/java/com/ncbachhhh/LTUDM/repository/MessageRepository.java:[48,57] <identifier> expected
[ERROR] /D:/WebApp/LTUDM/LTUDM-BE/src/main/java/com/ncbachhhh/LTUDM/repository/MessageRepository.java:[52,14] unclosed string literal
[ERROR] /D:/WebApp/LTUDM/LTUDM-BE/src/main/java/com/ncbachhhh/LTUDM/repository/MessageRepository.java:[53,25] <identifier> expected
[ERROR] /D:/WebApp/LTUDM/LTUDM-BE/src/main/java/com/ncbachhhh/LTUDM/repository/MessageRepository.java:[53,27] <identifier> expected
[ERROR] /D:/WebApp/LTUDM/LTUDM-BE/src/main/java/com/ncbachhhh/LTUDM/repository/MessageRepository.java:[53,28] ';' expected
[ERROR] /D:/WebApp/LTUDM/LTUDM-BE/src/main/java/com/ncbachhhh/LTUDM/repository/MessageRepository.java:[56,31] <identifier> expected
[ERROR] /D:/WebApp/LTUDM/LTUDM-BE/src/main/java/com/ncbachhhh/LTUDM/repository/MessageRepository.java:[56,33] illegal start of type
[ERROR] /D:/WebApp/LTUDM/LTUDM-BE/src/main/java/com/ncbachhhh/LTUDM/repository/MessageRepository.java:[56,34] '(' expected
[ERROR] /D:/WebApp/LTUDM/LTUDM-BE/src/main/java/com/ncbachhhh/LTUDM/repository/MessageRepository.java:[57,23] = expected
[ERROR] /D:/WebApp/LTUDM/LTUDM-BE/src/main/java/com/ncbachhhh/LTUDM/repository/MessageRepository.java:[57,30] illegal start of type
[ERROR] /D:/WebApp/LTUDM/LTUDM-BE/src/main/java/com/ncbachhhh/LTUDM/repository/MessageRepository.java:[58,26] = expected
[ERROR] /D:/WebApp/LTUDM/LTUDM-BE/src/main/java/com/ncbachhhh/LTUDM/repository/MessageRepository.java:[59,39] = expected
[ERROR] /D:/WebApp/LTUDM/LTUDM-BE/src/main/java/com/ncbachhhh/LTUDM/repository/MessageRepository.java:[60,27] = expected
[ERROR] /D:/WebApp/LTUDM/LTUDM-BE/src/main/java/com/ncbachhhh/LTUDM/repository/MessageRepository.java:[60,40] <identifier> expected
[ERROR] /D:/WebApp/LTUDM/LTUDM-BE/src/main/java/com/ncbachhhh/LTUDM/repository/MessageRepository.java:[60,47] ';' expected
[ERROR] /D:/WebApp/LTUDM/LTUDM-BE/src/main/java/com/ncbachhhh/LTUDM/repository/MessageRepository.java:[61,27] = expected
[ERROR] /D:/WebApp/LTUDM/LTUDM-BE/src/main/java/com/ncbachhhh/LTUDM/repository/MessageRepository.java:[61,37] <identifier> expected
[ERROR] /D:/WebApp/LTUDM/LTUDM-BE/src/main/java/com/ncbachhhh/LTUDM/repository/MessageRepository.java:[61,40] illegal start of expression
[ERROR] /D:/WebApp/LTUDM/LTUDM-BE/src/main/java/com/ncbachhhh/LTUDM/repository/MessageRepository.java:[61,47] <identifier> expected
[ERROR] /D:/WebApp/LTUDM/LTUDM-BE/src/main/java/com/ncbachhhh/LTUDM/repository/MessageRepository.java:[62,15] = expected
[ERROR] /D:/WebApp/LTUDM/LTUDM-BE/src/main/java/com/ncbachhhh/LTUDM/repository/MessageRepository.java:[62,16] ';' expected
[ERROR] /D:/WebApp/LTUDM/LTUDM-BE/src/main/java/com/ncbachhhh/LTUDM/repository/MessageRepository.java:[64,25] <identifier> expected
[ERROR] /D:/WebApp/LTUDM/LTUDM-BE/src/main/java/com/ncbachhhh/LTUDM/repository/MessageRepository.java:[64,27] ';' expected
[ERROR] /D:/WebApp/LTUDM/LTUDM-BE/src/main/java/com/ncbachhhh/LTUDM/repository/MessageRepository.java:[66,19] = expected
[ERROR] /D:/WebApp/LTUDM/LTUDM-BE/src/main/java/com/ncbachhhh/LTUDM/repository/MessageRepository.java:[66,40] <identifier> expected
[ERROR] /D:/WebApp/LTUDM/LTUDM-BE/src/main/java/com/ncbachhhh/LTUDM/repository/MessageRepository.java:[66,47] ';' expected
[ERROR] /D:/WebApp/LTUDM/LTUDM-BE/src/main/java/com/ncbachhhh/LTUDM/repository/MessageRepository.java:[67,27] = expected
[INFO] 100 errors 
[INFO] -------------------------------------------------------------
[INFO] ------------------------------------------------------------------------
[INFO] BUILD FAILURE
[INFO] ------------------------------------------------------------------------
[INFO] Total time:  0.970 s
[INFO] Finished at: 2026-05-07T22:16:59+07:00
[INFO] ------------------------------------------------------------------------
[ERROR] Failed to execute goal org.apache.maven.plugins:maven-compiler-plugin:3.14.1:compile (default-compile) on project LTUDM: Compilation failure: Compilation failure: 
[ERROR] /D:/WebApp/LTUDM/LTUDM-BE/src/main/java/com/ncbachhhh/LTUDM/config/R2Properties.java:[6,8] class, interface, or enum expected
[ERROR] /D:/WebApp/LTUDM/LTUDM-BE/src/main/java/com/ncbachhhh/LTUDM/exception/GlobalExceptionHandler.java:[44,29] illegal start of expression
[ERROR] /D:/WebApp/LTUDM/LTUDM-BE/src/main/java/com/ncbachhhh/LTUDM/exception/GlobalExceptionHandler.java:[44,36] not a statement
[ERROR] /D:/WebApp/LTUDM/LTUDM-BE/src/main/java/com/ncbachhhh/LTUDM/exception/GlobalExceptionHandler.java:[44,57] ';' expected
[ERROR] /D:/WebApp/LTUDM/LTUDM-BE/src/main/java/com/ncbachhhh/LTUDM/exception/GlobalExceptionHandler.java:[45,13] orphaned case
[ERROR] /D:/WebApp/LTUDM/LTUDM-BE/src/main/java/com/ncbachhhh/LTUDM/exception/GlobalExceptionHandler.java:[45,21] : expected
[ERROR] /D:/WebApp/LTUDM/LTUDM-BE/src/main/java/com/ncbachhhh/LTUDM/exception/GlobalExceptionHandler.java:[45,22] illegal start of expression
[ERROR] /D:/WebApp/LTUDM/LTUDM-BE/src/main/java/com/ncbachhhh/LTUDM/exception/GlobalExceptionHandler.java:[45,35] ';' expected
[ERROR] /D:/WebApp/LTUDM/LTUDM-BE/src/main/java/com/ncbachhhh/LTUDM/exception/GlobalExceptionHandler.java:[45,36] not a statement
[ERROR] /D:/WebApp/LTUDM/LTUDM-BE/src/main/java/com/ncbachhhh/LTUDM/exception/GlobalExceptionHandler.java:[46,21] : expected
[ERROR] /D:/WebApp/LTUDM/LTUDM-BE/src/main/java/com/ncbachhhh/LTUDM/exception/GlobalExceptionHandler.java:[46,22] illegal start of expression
[ERROR] /D:/WebApp/LTUDM/LTUDM-BE/src/main/java/com/ncbachhhh/LTUDM/exception/GlobalExceptionHandler.java:[46,35] ';' expected
[ERROR] /D:/WebApp/LTUDM/LTUDM-BE/src/main/java/com/ncbachhhh/LTUDM/exception/GlobalExceptionHandler.java:[46,36] not a statement
[ERROR] /D:/WebApp/LTUDM/LTUDM-BE/src/main/java/com/ncbachhhh/LTUDM/exception/GlobalExceptionHandler.java:[47,21] : expected
[ERROR] /D:/WebApp/LTUDM/LTUDM-BE/src/main/java/com/ncbachhhh/LTUDM/exception/GlobalExceptionHandler.java:[47,22] illegal start of expression
[ERROR] /D:/WebApp/LTUDM/LTUDM-BE/src/main/java/com/ncbachhhh/LTUDM/exception/GlobalExceptionHandler.java:[47,35] ';' expected
[ERROR] /D:/WebApp/LTUDM/LTUDM-BE/src/main/java/com/ncbachhhh/LTUDM/exception/GlobalExceptionHandler.java:[47,36] not a statement
[ERROR] /D:/WebApp/LTUDM/LTUDM-BE/src/main/java/com/ncbachhhh/LTUDM/exception/GlobalExceptionHandler.java:[48,21] : expected
[ERROR] /D:/WebApp/LTUDM/LTUDM-BE/src/main/java/com/ncbachhhh/LTUDM/exception/GlobalExceptionHandler.java:[48,22] illegal start of expression
[ERROR] /D:/WebApp/LTUDM/LTUDM-BE/src/main/java/com/ncbachhhh/LTUDM/exception/GlobalExceptionHandler.java:[48,35] ';' expected
[ERROR] /D:/WebApp/LTUDM/LTUDM-BE/src/main/java/com/ncbachhhh/LTUDM/exception/GlobalExceptionHandler.java:[48,36] not a statement
[ERROR] /D:/WebApp/LTUDM/LTUDM-BE/src/main/java/com/ncbachhhh/LTUDM/exception/GlobalExceptionHandler.java:[49,20] : expected
[ERROR] /D:/WebApp/LTUDM/LTUDM-BE/src/main/java/com/ncbachhhh/LTUDM/exception/GlobalExceptionHandler.java:[49,21] illegal start of expression
[ERROR] /D:/WebApp/LTUDM/LTUDM-BE/src/main/java/com/ncbachhhh/LTUDM/exception/GlobalExceptionHandler.java:[49,34] ';' expected
[ERROR] /D:/WebApp/LTUDM/LTUDM-BE/src/main/java/com/ncbachhhh/LTUDM/exception/GlobalExceptionHandler.java:[49,35] not a statement
[ERROR] /D:/WebApp/LTUDM/LTUDM-BE/src/main/java/com/ncbachhhh/LTUDM/repository/ConversationMemberRepository.java:[29,14] unclosed string literal
[ERROR] /D:/WebApp/LTUDM/LTUDM-BE/src/main/java/com/ncbachhhh/LTUDM/repository/ConversationMemberRepository.java:[30,25] <identifier> expected
[ERROR] /D:/WebApp/LTUDM/LTUDM-BE/src/main/java/com/ncbachhhh/LTUDM/repository/ConversationMemberRepository.java:[30,28] <identifier> expected
[ERROR] /D:/WebApp/LTUDM/LTUDM-BE/src/main/java/com/ncbachhhh/LTUDM/repository/ConversationMemberRepository.java:[30,29] ';' expected
[ERROR] /D:/WebApp/LTUDM/LTUDM-BE/src/main/java/com/ncbachhhh/LTUDM/repository/ConversationMemberRepository.java:[34,15] unclosed string literal
[ERROR] /D:/WebApp/LTUDM/LTUDM-BE/src/main/java/com/ncbachhhh/LTUDM/repository/MessageRepository.java:[21,14] unclosed string literal
[ERROR] /D:/WebApp/LTUDM/LTUDM-BE/src/main/java/com/ncbachhhh/LTUDM/repository/MessageRepository.java:[23,18] = expected
[ERROR] /D:/WebApp/LTUDM/LTUDM-BE/src/main/java/com/ncbachhhh/LTUDM/repository/MessageRepository.java:[24,19] = expected
[ERROR] /D:/WebApp/LTUDM/LTUDM-BE/src/main/java/com/ncbachhhh/LTUDM/repository/MessageRepository.java:[24,20] illegal start of type
[ERROR] /D:/WebApp/LTUDM/LTUDM-BE/src/main/java/com/ncbachhhh/LTUDM/repository/MessageRepository.java:[24,38] illegal start of expression
[ERROR] /D:/WebApp/LTUDM/LTUDM-BE/src/main/java/com/ncbachhhh/LTUDM/repository/MessageRepository.java:[25,19] = expected
[ERROR] /D:/WebApp/LTUDM/LTUDM-BE/src/main/java/com/ncbachhhh/LTUDM/repository/MessageRepository.java:[25,29] <identifier> expected
[ERROR] /D:/WebApp/LTUDM/LTUDM-BE/src/main/java/com/ncbachhhh/LTUDM/repository/MessageRepository.java:[26,25] <identifier> expected
[ERROR] /D:/WebApp/LTUDM/LTUDM-BE/src/main/java/com/ncbachhhh/LTUDM/repository/MessageRepository.java:[26,27] ';' expected
[ERROR] /D:/WebApp/LTUDM/LTUDM-BE/src/main/java/com/ncbachhhh/LTUDM/repository/MessageRepository.java:[28,19] = expected
[ERROR] /D:/WebApp/LTUDM/LTUDM-BE/src/main/java/com/ncbachhhh/LTUDM/repository/MessageRepository.java:[28,40] <identifier> expected
[ERROR] /D:/WebApp/LTUDM/LTUDM-BE/src/main/java/com/ncbachhhh/LTUDM/repository/MessageRepository.java:[28,47] ';' expected
[ERROR] /D:/WebApp/LTUDM/LTUDM-BE/src/main/java/com/ncbachhhh/LTUDM/repository/MessageRepository.java:[29,27] = expected
[ERROR] /D:/WebApp/LTUDM/LTUDM-BE/src/main/java/com/ncbachhhh/LTUDM/repository/MessageRepository.java:[29,37] <identifier> expected
[ERROR] /D:/WebApp/LTUDM/LTUDM-BE/src/main/java/com/ncbachhhh/LTUDM/repository/MessageRepository.java:[29,40] illegal start of expression
[ERROR] /D:/WebApp/LTUDM/LTUDM-BE/src/main/java/com/ncbachhhh/LTUDM/repository/MessageRepository.java:[29,47] <identifier> expected
[ERROR] /D:/WebApp/LTUDM/LTUDM-BE/src/main/java/com/ncbachhhh/LTUDM/repository/MessageRepository.java:[30,15] = expected
[ERROR] /D:/WebApp/LTUDM/LTUDM-BE/src/main/java/com/ncbachhhh/LTUDM/repository/MessageRepository.java:[30,16] ';' expected
[ERROR] /D:/WebApp/LTUDM/LTUDM-BE/src/main/java/com/ncbachhhh/LTUDM/repository/MessageRepository.java:[31,23] = expected
[ERROR] /D:/WebApp/LTUDM/LTUDM-BE/src/main/java/com/ncbachhhh/LTUDM/repository/MessageRepository.java:[32,13] = expected
[ERROR] /D:/WebApp/LTUDM/LTUDM-BE/src/main/java/com/ncbachhhh/LTUDM/repository/MessageRepository.java:[32,15] unclosed string literal
[ERROR] /D:/WebApp/LTUDM/LTUDM-BE/src/main/java/com/ncbachhhh/LTUDM/repository/MessageRepository.java:[33,52] <identifier> expected
[ERROR] /D:/WebApp/LTUDM/LTUDM-BE/src/main/java/com/ncbachhhh/LTUDM/repository/MessageRepository.java:[36,14] unclosed string literal
[ERROR] /D:/WebApp/LTUDM/LTUDM-BE/src/main/java/com/ncbachhhh/LTUDM/repository/MessageRepository.java:[38,18] = expected
[ERROR] /D:/WebApp/LTUDM/LTUDM-BE/src/main/java/com/ncbachhhh/LTUDM/repository/MessageRepository.java:[39,19] = expected
[ERROR] /D:/WebApp/LTUDM/LTUDM-BE/src/main/java/com/ncbachhhh/LTUDM/repository/MessageRepository.java:[39,20] illegal start of type
[ERROR] /D:/WebApp/LTUDM/LTUDM-BE/src/main/java/com/ncbachhhh/LTUDM/repository/MessageRepository.java:[39,38] illegal start of expression
[ERROR] /D:/WebApp/LTUDM/LTUDM-BE/src/main/java/com/ncbachhhh/LTUDM/repository/MessageRepository.java:[40,19] = expected
[ERROR] /D:/WebApp/LTUDM/LTUDM-BE/src/main/java/com/ncbachhhh/LTUDM/repository/MessageRepository.java:[40,29] <identifier> expected
[ERROR] /D:/WebApp/LTUDM/LTUDM-BE/src/main/java/com/ncbachhhh/LTUDM/repository/MessageRepository.java:[41,25] <identifier> expected
[ERROR] /D:/WebApp/LTUDM/LTUDM-BE/src/main/java/com/ncbachhhh/LTUDM/repository/MessageRepository.java:[41,27] ';' expected
[ERROR] /D:/WebApp/LTUDM/LTUDM-BE/src/main/java/com/ncbachhhh/LTUDM/repository/MessageRepository.java:[43,19] = expected
[ERROR] /D:/WebApp/LTUDM/LTUDM-BE/src/main/java/com/ncbachhhh/LTUDM/repository/MessageRepository.java:[43,40] <identifier> expected
[ERROR] /D:/WebApp/LTUDM/LTUDM-BE/src/main/java/com/ncbachhhh/LTUDM/repository/MessageRepository.java:[43,47] ';' expected
[ERROR] /D:/WebApp/LTUDM/LTUDM-BE/src/main/java/com/ncbachhhh/LTUDM/repository/MessageRepository.java:[44,27] = expected
[ERROR] /D:/WebApp/LTUDM/LTUDM-BE/src/main/java/com/ncbachhhh/LTUDM/repository/MessageRepository.java:[44,37] <identifier> expected
[ERROR] /D:/WebApp/LTUDM/LTUDM-BE/src/main/java/com/ncbachhhh/LTUDM/repository/MessageRepository.java:[44,40] illegal start of expression
[ERROR] /D:/WebApp/LTUDM/LTUDM-BE/src/main/java/com/ncbachhhh/LTUDM/repository/MessageRepository.java:[44,47] <identifier> expected
[ERROR] /D:/WebApp/LTUDM/LTUDM-BE/src/main/java/com/ncbachhhh/LTUDM/repository/MessageRepository.java:[45,15] = expected
[ERROR] /D:/WebApp/LTUDM/LTUDM-BE/src/main/java/com/ncbachhhh/LTUDM/repository/MessageRepository.java:[45,16] ';' expected
[ERROR] /D:/WebApp/LTUDM/LTUDM-BE/src/main/java/com/ncbachhhh/LTUDM/repository/MessageRepository.java:[46,23] = expected
[ERROR] /D:/WebApp/LTUDM/LTUDM-BE/src/main/java/com/ncbachhhh/LTUDM/repository/MessageRepository.java:[47,13] = expected
[ERROR] /D:/WebApp/LTUDM/LTUDM-BE/src/main/java/com/ncbachhhh/LTUDM/repository/MessageRepository.java:[47,15] unclosed string literal
[ERROR] /D:/WebApp/LTUDM/LTUDM-BE/src/main/java/com/ncbachhhh/LTUDM/repository/MessageRepository.java:[48,57] <identifier> expected
[ERROR] /D:/WebApp/LTUDM/LTUDM-BE/src/main/java/com/ncbachhhh/LTUDM/repository/MessageRepository.java:[52,14] unclosed string literal
[ERROR] /D:/WebApp/LTUDM/LTUDM-BE/src/main/java/com/ncbachhhh/LTUDM/repository/MessageRepository.java:[53,25] <identifier> expected
[ERROR] /D:/WebApp/LTUDM/LTUDM-BE/src/main/java/com/ncbachhhh/LTUDM/repository/MessageRepository.java:[53,27] <identifier> expected
[ERROR] /D:/WebApp/LTUDM/LTUDM-BE/src/main/java/com/ncbachhhh/LTUDM/repository/MessageRepository.java:[53,28] ';' expected
[ERROR] /D:/WebApp/LTUDM/LTUDM-BE/src/main/java/com/ncbachhhh/LTUDM/repository/MessageRepository.java:[56,31] <identifier> expected
[ERROR] /D:/WebApp/LTUDM/LTUDM-BE/src/main/java/com/ncbachhhh/LTUDM/repository/MessageRepository.java:[56,33] illegal start of type
[ERROR] /D:/WebApp/LTUDM/LTUDM-BE/src/main/java/com/ncbachhhh/LTUDM/repository/MessageRepository.java:[56,34] '(' expected
[ERROR] /D:/WebApp/LTUDM/LTUDM-BE/src/main/java/com/ncbachhhh/LTUDM/repository/MessageRepository.java:[57,23] = expected
[ERROR] /D:/WebApp/LTUDM/LTUDM-BE/src/main/java/com/ncbachhhh/LTUDM/repository/MessageRepository.java:[57,30] illegal start of type
[ERROR] /D:/WebApp/LTUDM/LTUDM-BE/src/main/java/com/ncbachhhh/LTUDM/repository/MessageRepository.java:[58,26] = expected
[ERROR] /D:/WebApp/LTUDM/LTUDM-BE/src/main/java/com/ncbachhhh/LTUDM/repository/MessageRepository.java:[59,39] = expected
[ERROR] /D:/WebApp/LTUDM/LTUDM-BE/src/main/java/com/ncbachhhh/LTUDM/repository/MessageRepository.java:[60,27] = expected
[ERROR] /D:/WebApp/LTUDM/LTUDM-BE/src/main/java/com/ncbachhhh/LTUDM/repository/MessageRepository.java:[60,40] <identifier> expected
[ERROR] /D:/WebApp/LTUDM/LTUDM-BE/src/main/java/com/ncbachhhh/LTUDM/repository/MessageRepository.java:[60,47] ';' expected
[ERROR] /D:/WebApp/LTUDM/LTUDM-BE/src/main/java/com/ncbachhhh/LTUDM/repository/MessageRepository.java:[61,27] = expected
[ERROR] /D:/WebApp/LTUDM/LTUDM-BE/src/main/java/com/ncbachhhh/LTUDM/repository/MessageRepository.java:[61,37] <identifier> expected
[ERROR] /D:/WebApp/LTUDM/LTUDM-BE/src/main/java/com/ncbachhhh/LTUDM/repository/MessageRepository.java:[61,40] illegal start of expression
[ERROR] /D:/WebApp/LTUDM/LTUDM-BE/src/main/java/com/ncbachhhh/LTUDM/repository/MessageRepository.java:[61,47] <identifier> expected
[ERROR] /D:/WebApp/LTUDM/LTUDM-BE/src/main/java/com/ncbachhhh/LTUDM/repository/MessageRepository.java:[62,15] = expected
[ERROR] /D:/WebApp/LTUDM/LTUDM-BE/src/main/java/com/ncbachhhh/LTUDM/repository/MessageRepository.java:[62,16] ';' expected
[ERROR] /D:/WebApp/LTUDM/LTUDM-BE/src/main/java/com/ncbachhhh/LTUDM/repository/MessageRepository.java:[64,25] <identifier> expected
[ERROR] /D:/WebApp/LTUDM/LTUDM-BE/src/main/java/com/ncbachhhh/LTUDM/repository/MessageRepository.java:[64,27] ';' expected
[ERROR] /D:/WebApp/LTUDM/LTUDM-BE/src/main/java/com/ncbachhhh/LTUDM/repository/MessageRepository.java:[66,19] = expected
[ERROR] /D:/WebApp/LTUDM/LTUDM-BE/src/main/java/com/ncbachhhh/LTUDM/repository/MessageRepository.java:[66,40] <identifier> expected
[ERROR] /D:/WebApp/LTUDM/LTUDM-BE/src/main/java/com/ncbachhhh/LTUDM/repository/MessageRepository.java:[66,47] ';' expected
[ERROR] /D:/WebApp/LTUDM/LTUDM-BE/src/main/java/com/ncbachhhh/LTUDM/repository/MessageRepository.java:[67,27] = expected
[ERROR] -> [Help 1]
[ERROR] 
[ERROR] To see the full stack trace of the errors, re-run Maven with the -e switch.
[ERROR] Re-run Maven using the -X switch to enable full debug logging.
[ERROR] 
[ERROR] For more information about the errors and possible solutions, please read the following articles:
[ERROR] [Help 1] http://cwiki.apache.org/confluence/display/MAVEN/MojoFailureException
